---
source: apollo-federation/src/sources/connect/validation/mod.rs
expression: "format!(\"{:#?}\", errors)"
input_file: apollo-federation/src/sources/connect/validation/test_data/keys_and_entities/valid/entity_connector_matches_non_resolvable_key.graphql
---
[]
