---
source: apollo-router/src/configuration/mod.rs
assertion_line: 365
expression: config

---
server:
  listen: "1.2.3.4:5"
  cors: ~
plugins: {}

