---
source: apollo-router/src/configuration/tests.rs
expression: new_config
---
---
telemetry:
  tracing:
    common:
      resource:
        test: val

