---
source: apollo-router/src/plugins/authorization/authenticated.rs
expression: "TestResult { query: QUERY, result: doc, paths }"
---
query:

        query {
            topProducts {
                type
                reviews {
                    ...F
                }
            }
        }

        fragment F on Review {
            body
        }
        
filtered:
{
  topProducts {
    type
  }
}

paths: ["/topProducts/reviews/@"]
