---
source: apollo-router/src/plugins/authorization/authenticated.rs
expression: "TestResult { query: QUERY, result: doc, paths }"
---
query:

        query {
            t {
                ... F
            }
        }

        fragment F on T {
            f
        }
        
filtered:

paths: [""]
