---
source: apollo-router/src/plugins/authorization/policy.rs
expression: paths
---
[
    Path(
        [
            Key(
                "itf",
            ),
            Fragment(
                "A",
            ),
        ],
    ),
    Path(
        [
            Key(
                "itf",
            ),
            Fragment(
                "B",
            ),
        ],
    ),
]
