---
source: apollo-federation/tests/composition/compose_basic.rs
expression: print_sdl(api_schema.schema())
---
enum E {
  V1
  V2
}

type Query {
  t: T
}

type S {
  x: Int
}

type T {
  a: Int
  b: String
  k: ID
}

union U = S | T