---
source: apollo-router/src/plugins/cache/tests.rs
expression: cache_keys
---
[
  {
    "key": "version:1.0:subgraph:products:type:Query:hash:6173063a04125ecfdaf77111980dc68921dded7813208fdf1d7d38dfbb959627:data:d9d84a3c7ffc27b0190a671212f3740e5b8478e84e23825830e97822e25cf05c",
    "status": "new",
    "cache_control": "public"
  },
  {
    "key": "version:1.0:subgraph:users:type:User:entity:210e26346d676046faa9fb55d459273a43e5b5397a1a056f179a3521dc5643aa:representation:7cd02a08f4ea96f0affa123d5d3f56abca20e6014e060fe5594d210c00f64b27:hash:2820563c632c1ab498e06030084acf95c97e62afba71a3d4b7c5e81a11cb4d13:data:d9d84a3c7ffc27b0190a671212f3740e5b8478e84e23825830e97822e25cf05c",
    "status": "new",
    "cache_control": "public"
  }
]
