---
source: apollo-router/tests/integration/response_cache.rs
expression: v
---
{
  "name": "test"
}
