---
source: apollo-router/tests/integration/response_cache.rs
expression: v
---
{
  "allProducts": [
    {
      "name": "Test",
      "createdBy": {
        "__typename": "User",
        "email": "test@test.com",
        "country": {
          "a": "France"
        }
      }
    }
  ]
}
