---
source: apollo-router/src/apollo_studio_interop/tests.rs
expression: result
---
statsReportKey: "# -\n{noInputQuery{id}}"
referencedFieldsByType:
  EverythingResponse:
    fieldNames:
      - id
    isInterface: false
  Query:
    fieldNames:
      - noInputQuery
    isInterface: false
