---
source: apollo-router/src/apollo_studio_interop/tests.rs
expression: "&generated"
---
referenced_input_fields: {}
referenced_enums:
  SomeEnum:
    - SOME_VALUE_1
