---
source: apollo-router/src/query_planner/bridge_query_planner.rs
expression: plan.root
---
Fetch(
    FetchNode {
        service_name: "accounts",
        requires: [],
        variable_usages: [],
        operation: "{ me { name { first last } } }",
        operation_name: None,
        operation_kind: Query,
        id: None,
        input_rewrites: None,
        output_rewrites: None,
        context_rewrites: None,
        schema_aware_hash: QueryHash(
            "16d9399fe60cb6dcc81f522fab6a54056e8b65b02095667b76f1cdd7048aab50",
        ),
        authorization: CacheKeyMetadata {
            is_authenticated: false,
            scopes: [],
            policies: [],
        },
    },
)
