---
source: apollo-router/tests/integration_tests.rs
expression: first
---
{
  "data": {},
  "hasNext": true
}
